Move C to B\nMove A to B\nMove C to B\nMove C to B\nMove C to B\nMove A to B\nMove C to B\nMove A to B\nMove C to B\nMove A to B\nMove C to B\nMove C to B\nMove C to B\nMove A to B\nMove C to B\n